2022-05-31 09:13:32,217 - test.log - DEBUG - debug
2022-05-31 09:13:54,604 - test.log - ERROR - debug
NoneType: None
2022-05-31 09:14:23,328 - test.log - ERROR - hello
NoneType: None
2022-05-31 09:15:06,885 - test.log - CRITICAL - hello
2022-05-31 09:16:01,578 - critical  - CRITICAL - hello
2022-05-31 09:16:36,261 - test.log.critical  - 4580562432 - hello
2022-05-31 09:22:51,988 <function>test.log.critical  <Process>(pid: 8406,tid: 4700784128) - hello
2022-05-31 09:23:09,817 	<function>test.log.critical  	<Process>(pid: 8412,tid: 4633118208) - hello
2022-05-31 09:24:07,667	<Process>(pid: 8419,tid: 4568196608)	<function>test.log.critical  - hello
2022-05-31 09:24:26,052		<Process>(pid: 8427,tid: 4599371264)		<function>test.log.critical		hello
2022-05-31 09:34:52,721		<Process>(pid: 8499,tid: 4529120768)		<function>test.log.item_start		Step1  "test" Start   ------------------------------>
2022-05-31 09:34:52,721		<Process>(pid: 8499,tid: 4529120768)		<function>test.log.critical		hello
2022-05-31 09:34:52,721		<Process>(pid: 8499,tid: 4529120768)		<function>test.log.item_end		Elapsed Seconds:0.000194
2022-05-31 09:34:52,721		<Process>(pid: 8499,tid: 4529120768)		<function>test.log.item_end		Step1  "test"  End   <------------------------------

